// Jest Snapshot v1, https://goo.gl/fbAQLP

exports[`Sign In Component Tests should render 1`] = `
ShallowWrapper {
  "complexSelector": ComplexSelector {
    "buildPredicate": [Function],
    "childrenOfNode": [Function],
    "findWhereUnwrapped": [Function],
  },
  "length": 1,
  "node": <div
    className="sign-in-container"
>
    Not Ready
    <h1>
        Sign In
    </h1>
    <form>
        <button
            onClick={[Function]}
        >
            Sign In With Google
        </button>
    </form>
</div>,
  "nodes": Array [
    <div
      className="sign-in-container"
>
      Not Ready
      <h1>
            Sign In
      </h1>
      <form>
            <button
                  onClick={[Function]}
            >
                  Sign In With Google
            </button>
      </form>
</div>,
  ],
  "options": Object {},
  "renderer": ReactShallowRenderer {
    "_instance": ShallowComponentWrapper {
      "_calledComponentWillUnmount": false,
      "_compositeType": 0,
      "_context": Object {},
      "_currentElement": <SignInComponent />,
      "_debugID": 1,
      "_hostContainerInfo": null,
      "_hostParent": null,
      "_instance": SignInComponent {
        "_reactInternalInstance": [Circular],
        "assignGoogleAuth2": [Function],
        "context": Object {},
        "props": Object {},
        "refs": Object {},
        "state": Object {
          "gapiReady": false,
        },
        "updateSigninStatus": [Function],
        "updater": Object {
          "enqueueCallback": [Function],
          "enqueueCallbackInternal": [Function],
          "enqueueElementInternal": [Function],
          "enqueueForceUpdate": [Function],
          "enqueueReplaceState": [Function],
          "enqueueSetState": [Function],
          "isMounted": [Function],
          "validateCallback": [Function],
        },
      },
      "_mountOrder": 1,
      "_pendingCallbacks": null,
      "_pendingElement": null,
      "_pendingForceUpdate": false,
      "_pendingReplaceState": false,
      "_pendingStateQueue": null,
      "_renderedComponent": NoopInternalComponent {
        "_currentElement": <div
          className="sign-in-container"
>
          Not Ready
          <h1>
                    Sign In
          </h1>
          <form>
                    <button
                              onClick={[Function]}
                    >
                              Sign In With Google
                    </button>
          </form>
</div>,
        "_debugID": 2,
        "_renderedOutput": <div
          className="sign-in-container"
>
          Not Ready
          <h1>
                    Sign In
          </h1>
          <form>
                    <button
                              onClick={[Function]}
                    >
                              Sign In With Google
                    </button>
          </form>
</div>,
      },
      "_renderedNodeType": 0,
      "_rootNodeID": 0,
      "_topLevelWrapper": null,
      "_updateBatchNumber": null,
      "_warnedAboutRefsInRender": false,
    },
    "getRenderOutput": [Function],
    "render": [Function],
  },
  "root": [Circular],
  "unrendered": <SignInComponent />,
}
`;
