// Jest Snapshot v1, https://goo.gl/fbAQLP

exports[`default tests renders without crashing 1`] = `
ShallowWrapper {
  "complexSelector": ComplexSelector {
    "buildPredicate": [Function],
    "childrenOfNode": [Function],
    "findWhereUnwrapped": [Function],
  },
  "length": 1,
  "node": <BrowserRouter>
    <div
        className="App"
    >
        Welcome! Please sign in.
        <Route
            exact={true}
            path="/"
            render={[Function]}
        />
        <Route
            component={[Function]}
            path="/sign-in"
        />
    </div>
</BrowserRouter>,
  "nodes": Array [
    <BrowserRouter>
      <div
            className="App"
      >
            Welcome! Please sign in.
            <Route
                  exact={true}
                  path="/"
                  render={[Function]}
            />
            <Route
                  component={[Function]}
                  path="/sign-in"
            />
      </div>
</BrowserRouter>,
  ],
  "options": Object {},
  "renderer": ReactShallowRenderer {
    "_instance": ShallowComponentWrapper {
      "_calledComponentWillUnmount": false,
      "_compositeType": 0,
      "_context": Object {},
      "_currentElement": <App />,
      "_debugID": 1,
      "_hostContainerInfo": null,
      "_hostParent": null,
      "_instance": App {
        "_reactInternalInstance": [Circular],
        "context": Object {},
        "props": Object {},
        "refs": Object {},
        "state": Object {
          "signedIn": false,
        },
        "updater": Object {
          "enqueueCallback": [Function],
          "enqueueCallbackInternal": [Function],
          "enqueueElementInternal": [Function],
          "enqueueForceUpdate": [Function],
          "enqueueReplaceState": [Function],
          "enqueueSetState": [Function],
          "isMounted": [Function],
          "validateCallback": [Function],
        },
      },
      "_mountOrder": 1,
      "_pendingCallbacks": null,
      "_pendingElement": null,
      "_pendingForceUpdate": false,
      "_pendingReplaceState": false,
      "_pendingStateQueue": null,
      "_renderedComponent": NoopInternalComponent {
        "_currentElement": <BrowserRouter>
          <div
                    className="App"
          >
                    Welcome! Please sign in.
                    <Route
                              exact={true}
                              path="/"
                              render={[Function]}
                    />
                    <Route
                              component={[Function]}
                              path="/sign-in"
                    />
          </div>
</BrowserRouter>,
        "_debugID": 2,
        "_renderedOutput": <BrowserRouter>
          <div
                    className="App"
          >
                    Welcome! Please sign in.
                    <Route
                              exact={true}
                              path="/"
                              render={[Function]}
                    />
                    <Route
                              component={[Function]}
                              path="/sign-in"
                    />
          </div>
</BrowserRouter>,
      },
      "_renderedNodeType": 1,
      "_rootNodeID": 0,
      "_topLevelWrapper": null,
      "_updateBatchNumber": null,
      "_warnedAboutRefsInRender": false,
    },
    "getRenderOutput": [Function],
    "render": [Function],
  },
  "root": [Circular],
  "unrendered": <App />,
}
`;
